// Jest Snapshot v1, https://goo.gl/fbAQLP

exports[`Printing a TSInterfaceBody 1`] = `"{ }"`;

exports[`Printing a TSInterfaceBody 2`] = `
"{
  doNothing()
}"
`;

exports[`Printing a TSInterfaceDeclaration 1`] = `"interface MyInterface { }"`;

exports[`Printing a TSMethodSignature 1`] = `"myMethod()"`;

exports[`Printing a TSMethodSignature 2`] = `"myMethod(x, y)"`;

exports[`Printing a TSMethodSignature 3`] = `"myMethod(x: number, y: number): number"`;

exports[`Printing a TSMethodSignature 4`] = `"get myProperty()"`;

exports[`printing a ClassBody 1`] = `"{ }"`;

exports[`printing a ClassBody 2`] = `
"{
  public doNothing() { }
}"
`;

exports[`printing a ClassDeclarationWithName 1`] = `"class MyClass { }"`;

exports[`printing a ClassDeclarationWithName 2`] = `"class MyClass implements MyInterface { }"`;

exports[`printing a MethodDefinitionNonComputedName 1`] = `"public myMethod() { }"`;

exports[`printing a MethodDefinitionNonComputedName 2`] = `"public get myProperty() { }"`;

exports[`printing a MethodDefinitionNonComputedName 3`] = `"public constructor() { }"`;

exports[`printing a NewExpression 1`] = `"new MyClass('argument')"`;

exports[`printing a NewExpression 2`] = `"new MyClass<number>('argument')"`;

exports[`printing a PropertyDefinition 1`] = `"private _myProperty: string;"`;

exports[`printing a TSClassImplements 1`] = `"MyInterface"`;
