// Jest Snapshot v1, https://goo.gl/fbAQLP

exports[`printing a ClassBody 1`] = `"{ }"`;

exports[`printing a ClassBody 2`] = `
"{
  doNothing() { }
}"
`;

exports[`printing a ClassDeclarationWithName 1`] = `"class MyClass { }"`;

exports[`printing a ClassDeclarationWithName 2`] = `"class MyClass implements MyInterface { }"`;

exports[`printing a MethodDefinitionNonComputedName 1`] = `"myMethod() { }"`;

exports[`printing a MethodDefinitionNonComputedName 2`] = `"get myProperty() { }"`;

exports[`printing a TSClassImplements 1`] = `"MyInterface"`;
