// Jest Snapshot v1, https://goo.gl/fbAQLP

exports[`printing a Program 1`] = `
"line1;
line2;
line3;
"
`;

exports[`printing an ExportDefaultDeclaration 1`] = `"export default test;"`;

exports[`printing an ExportNamedDeclaration 1`] = `"export class MyClass { }"`;

exports[`printing an ExpressionStatement 1`] = `"test;"`;

exports[`printing an ImportDeclaration 1`] = `"import { myFunction } from 'myModule';"`;

exports[`printing an ImportDeclaration 2`] = `"import myFunction from 'myModule';"`;

exports[`printing an ImportDefaultSpecifier 1`] = `"myFunction"`;

exports[`printing an ImportSpecifier 1`] = `"myFunction"`;

exports[`printing an ImportSpecifier 2`] = `"myFunction as somethingElse"`;
