// Jest Snapshot v1, https://goo.gl/fbAQLP

exports[`printing a BlockStatement 1`] = `"{ }"`;

exports[`printing a BlockStatement 2`] = `
"{
  line1;
  line2;
  line3;
}"
`;

exports[`printing a MemberExpression 1`] = `"a.b"`;

exports[`printing a TemplateElement 1`] = `"' " \\\` $ { } \\\${} blah blah"`;

exports[`printing a TemplateLiteral 1`] = `"\`something \${something} something, we win\`"`;

exports[`printing a TemplateLiteral 2`] = `"\`\${something} something something, we \${win}\`"`;

exports[`printing a ThisExpression 1`] = `"this"`;

exports[`printing a VariableDeclaration 1`] = `"const myVar = 'value';"`;

exports[`printing an AssignmentExpression 1`] = `"myVariable = 'value'"`;

exports[`printing an Identifier 1`] = `"something"`;
